400.tesc
Warning, version 400 is not yet complete; some version-specific features are present, but many are missing.

0:? Sequence
0:3  Function Definition: main( (void)
0:3    Function Parameters: 
0:5    Sequence
0:5      Barrier (void)
0:?   Linker Objects


Linked tessellation control stage:



