comment.frag
Warning, version 430 is not yet complete; some version-specific features are present, but many are missing.

0:? Sequence
0:17  Function Definition: main( (void)
0:17    Function Parameters: 
0:?   Linker Objects
0:?     'v' (smooth in 4-component vector of float)


Linked fragment stage:



